· 以「小林」登录
· 确认表单按定义渲染，紧急程度是下拉：请选择/高/中/低
· 提交后打开需求详情标签，流程停在「评审」
· 以「老周」登录
· 评审的待办里出现这条需求
· 评审通过，流转到开发
· 以「阿凯」登录
· AI 生成了 SKILL.md 草稿
· 开发完成，员工上岗（上线必须挂在这条走完的流程上）
· 以「小林」登录
· 再提一条相近的需求
· 以「老周」登录
· 查重图谱画出来了，相似度与理由来自模型判断，不是写死的
· 以「小美」登录
· 已上线员工出现在工作台卡片区
· 同一个输入框，这次路由到报销单，字段是报销自己的
· 报销提交，流程停在「主管审批」
· 以「陈主管」登录
· 主管批完，流转到财务（评审和开发碰不到这条）
· 以「何会计」登录
· 财务批完，报销流程走完
· 以「小林」登录
· ECharts 画出柱状图（1376×224）
· 点员工卡片新开一个标签，进入三栏对话页
· 左栏出现真实工具事件「检索资料」（来自 tool_start: web_search）
· 认不出的事件被折叠显示，没有被丢掉
· show_chart 的产物落到右栏画布，不塞进对话气泡
· delta 文本流式拼接完成
· 底部指标卡：已上岗1个

=== 走查结果 ===
步骤 29 项全部通过
页面脚本错误：0
